// Jest Snapshot v1, https://jestjs.io/docs/snapshot-testing

exports[`ExampleComponent Testes de Snapshot deve corresponder ao snapshot 1`] = `
<div>
  <h1>
    Snapshot Test
  </h1>
  <p>
    Count: 
    0
  </p>
  <button>
    Increment
  </button>
  <button>
    Action Button
  </button>
</div>
`;
